// Jest Snapshot v1, https://goo.gl/fbAQLP

exports[`jest-mock-knex batchInsert 1`] = `
Array [
  "BEGIN;",
  "insert into batch_tnsert_table (name) values (xxx), (yyy)",
  "COMMIT;",
  "BEGIN;",
  "insert into batch_tnsert_table (name) values (xxx), (yyy)",
  "insert into batch_tnsert_table (name) values (zzz)",
  "COMMIT;",
]
`;

exports[`jest-mock-knex bookshelf when throw error 1`] = `[Error: insert into "table" ("name") values ('I''m error') - sql error]`;

exports[`jest-mock-knex increment 1`] = `
Array [
  "update batch_tnsert_table set total = total + 10",
]
`;
