// Jest Snapshot v1, https://goo.gl/fbAQLP

exports[`serializer successful snapshot object 1`] = `
"
[[X,Y,Z],{name:yutin}]
[[I,J],{name:noknok}]
"
`;

exports[`serializer successful snapshot string 1`] = `
"
[AAA,BBB]
[AAA,CCC]
"
`;
