// Jest Snapshot v1, https://goo.gl/fbAQLP

exports[`jest-mock-knex bookshelf when throw error 1`] = `[Error: insert into "table" ("name") values ('I''m error') - sql error]`;
